main.c:90:6:test_aon	8	static
main.c:112:6:HAL_UART_RxCpltCallback	16	static
main.c:126:6:HAL_TIM_PeriodElapsedCallback	16	static
main.c:218:5:main	8	static
main.c:329:6:SystemClock_Config	88	static
main.c:381:13:MX_SPI2_Init	8	static
main.c:419:13:MX_TIM1_Init	96	static
main.c:494:13:MX_TIM2_Init	64	static
main.c:553:13:MX_TIM3_Init	64	static
main.c:612:13:MX_TIM4_Init	64	static
main.c:671:13:MX_TIM8_Init	80	static
main.c:736:13:MX_TIM14_Init	8	static
main.c:767:13:MX_USART2_UART_Init	8	static
main.c:800:13:MX_USART3_UART_Init	8	static
main.c:833:13:MX_GPIO_Init	48	static
main.c:895:6:map	24	static
main.c:899:6:Motor1_On	16	static
main.c:903:6:Motor2_On	16	static
main.c:907:6:Motor3_On	16	static
main.c:912:6:Motor4_On	16	static
main.c:916:6:Motor1_SetPWM	16	static
main.c:921:6:Motor2_SetPWM	16	static
main.c:926:6:Motor3_SetPWM	16	static
main.c:931:6:Motor4_SetPWM	16	static
main.c:936:6:Motor1_Off	4	static
main.c:940:6:Motor2_Off	4	static
main.c:944:6:Motor3_Off	4	static
main.c:948:6:Motor4_Off	4	static
main.c:952:6:CheckSum	24	static
main.c:962:6:clear_buffer	16	static
main.c:971:6:package_state	16	static
main.c:1072:6:Error_Handler	4	static,ignoring_inline_asm
